// Jest Snapshot v1, https://goo.gl/fbAQLP

exports[`AddItemPanel tests snapshot test 1`] = `
<form
  className="addItemForm"
  data-testid="addItemForm"
  onSubmit={[Function]}
>
  <input
    className="addItemInput"
    data-testid="input"
    onChange={[Function]}
    placeholder="Type your to do"
    type="text"
    value=""
  />
</form>
`;
