// Jest Snapshot v1, https://goo.gl/fbAQLP

exports[`ToDoList tests snapshot test 1`] = `
<ul
  className="list"
  data-rbd-droppable-context-id="4"
  data-rbd-droppable-id="list"
  data-testid="list"
>
  <li
    aria-describedby="rbd-hidden-text-4-hidden-text-14"
    className="list-group-item"
    data-rbd-drag-handle-context-id="4"
    data-rbd-drag-handle-draggable-id="2"
    data-rbd-draggable-context-id="4"
    data-rbd-draggable-id="2"
    data-testid="list-group-item"
    draggable={false}
    onDragStart={[Function]}
    onTransitionEnd={null}
    role="button"
    style={
      Object {
        "transform": null,
        "transition": null,
      }
    }
    tabIndex={0}
  >
    <span
      className="todoListItemCompleted"
      data-testid="to-do-list-item"
    >
      <div
        className="todoListItemContent"
        data-testid="todo-list-item-content"
      >
        <input
          checked={true}
          className="checkbox"
          data-testid="checkbox"
          onChange={[Function]}
          type="checkbox"
        />
        test2
      </div>
      <button
        className="deleteBtn"
        data-testid="delete-btn"
        onClick={[Function]}
        type="button"
      >
        <svg
          data-testid="delete-icon"
          fill="currentColor"
          height="1em"
          stroke="currentColor"
          strokeWidth="0"
          style={
            Object {
              "color": undefined,
            }
          }
          viewBox="0 0 16 16"
          width="1em"
          xmlns="http://www.w3.org/2000/svg"
        >
          <path
            d="M4.646 4.646a.5.5 0 0 1 .708 0L8 7.293l2.646-2.647a.5.5 0 0 1 .708.708L8.707 8l2.647 2.646a.5.5 0 0 1-.708.708L8 8.707l-2.646 2.647a.5.5 0 0 1-.708-.708L7.293 8 4.646 5.354a.5.5 0 0 1 0-.708z"
          />
        </svg>
      </button>
    </span>
  </li>
</ul>
`;
