// Jest Snapshot v1, https://goo.gl/fbAQLP

exports[`FilterButtons tests snapshot test 1`] = `
<span
  className="itemStatusFilterPanel"
  data-testid="status-filter-panel"
>
  <div
    className="counter"
    data-testid="counter"
  >
    1
     items left
  </div>
  <div
    data-testid="filter-buttons"
  >
    <button
      className="filterButton"
      onClick={[Function]}
      type="button"
    >
      All
    </button>
    <button
      className="filterButton"
      onClick={[Function]}
      type="button"
    >
      Active
    </button>
    <button
      className="filterButton"
      onClick={[Function]}
      type="button"
    >
      Completed
    </button>
  </div>
  <button
    className="clearButton"
    data-testid="clear-button"
    onClick={[Function]}
  >
    Clear completed
  </button>
</span>
`;
